{"name": "scorer_roles_K2", "status": "PASS", "errors": {"A_LL": 0.0, "A_LR": 0.0, "A_RR": 0.0, "A_policy": 0.0, "A_ref": 0.0}, "schema": "lr_rr_v2", "scope": "actual scorer main on synthetic JSONL; I/O roots redirected to temporary directory"}
{"name": "score_loader_us1", "status": "PASS", "new_schema_maxerr": 0.0, "stale_schema_rejected": true, "exception": "/tmp/audit97_roles_5o1hni4l/uf/scores/full/shard0 declares tensor_role_schema None, and this solver requires 'lr_rr_v2'. A shard with no schema predates the A01 fix: its A_policy is the learner triangle and its A_ref is the learner-by-reference cross block, which is not the game Section 5.2 defines. Re-score the panel with union_score_panel.py instead of reusing it.", "scope": "actual complete module load_scores, not AST"}
{"name": "score_loader_ut1", "status": "PASS", "new_schema_maxerr": 0.0, "stale_schema_rejected": true, "exception": "/tmp/audit97_roles_5o1hni4l/uf/scores/full/shard0 declares tensor_role_schema None, and this solver requires 'lr_rr_v2'. A shard with no schema predates the A01 fix: its A_policy is the learner triangle and its A_ref is the learner-by-reference cross block, which is not the game Section 5.2 defines. Re-score the panel with union_score_panel.py instead of reusing it.", "scope": "actual complete module load_scores, not AST"}
{"name": "RR_one_order_K2", "status": "PASS", "retained": ["p1", "p2"]}
{"name": "schema_tag_not_alias_validation_K2", "status": "PASS", "accepted_mislabeled_v2_shard": false, "policy_tensor_error": null, "scope": "deliberately inconsistent test artifact with updated content hash; not evidence this happened in a run"}
{"name": "scorer_roles_K4", "status": "PASS", "errors": {"A_LL": 0.0, "A_LR": 0.0, "A_RR": 0.0, "A_policy": 0.0, "A_ref": 0.0}, "schema": "lr_rr_v2", "scope": "actual scorer main on synthetic JSONL; I/O roots redirected to temporary directory"}
{"name": "score_loader_uw1", "status": "PASS", "new_schema_maxerr": 0.0, "stale_schema_rejected": true, "exception": "/tmp/audit97_roles_u2dsqoaa/uf/scores/full/shard0 declares tensor_role_schema None, and this solver requires 'lr_rr_v2'. A shard with no schema predates the A01 fix: its A_policy is the learner triangle and its A_ref is the learner-by-reference cross block, which is not the game Section 5.2 defines. Re-score the panel with union_score_panel.py instead of reusing it.", "scope": "actual complete module load_scores, not AST"}
{"name": "score_loader_uw1c", "status": "PASS", "new_schema_maxerr": 0.0, "stale_schema_rejected": true, "exception": "/tmp/audit97_roles_u2dsqoaa/uf/scores/full/shard0 declares tensor_role_schema None, and this solver requires 'lr_rr_v2'. A shard with no schema predates the A01 fix: its A_policy is the learner triangle and its A_ref is the learner-by-reference cross block, which is not the game Section 5.2 defines. Re-score the panel with union_score_panel.py instead of reusing it.", "scope": "actual complete module load_scores, not AST"}
{"name": "score_loader_uw3", "status": "PASS", "new_schema_maxerr": 0.0, "stale_schema_rejected": true, "exception": "/tmp/audit97_roles_u2dsqoaa/uf/scores/full/shard0 declares tensor_role_schema None, and this solver requires 'lr_rr_v2'. A shard with no schema predates the A01 fix: its A_policy is the learner triangle and its A_ref is the learner-by-reference cross block, which is not the game Section 5.2 defines. Re-score the panel with union_score_panel.py instead of reusing it.", "scope": "actual complete module load_scores, not AST"}
{"name": "RR_one_order_K4", "status": "PASS", "retained": ["p1", "p2"]}
{"name": "schema_tag_not_alias_validation_K4", "status": "PASS", "accepted_mislabeled_v2_shard": false, "policy_tensor_error": null, "scope": "deliberately inconsistent test artifact with updated content hash; not evidence this happened in a run"}
{"name": "legacy_scorer_default_refusal", "status": "PASS", "returncode": 1, "stderr": "union_score_uw.py is superseded by union_score_panel.py and refuses to run.\n\nIt wires A_policy to the learner triangle and A_ref to the learner-by-reference\ncross block, keeping the reference triangle only as a scalar diagnostic. That is\nnot the finite game Section 5.2 defines, and it is not what\ncompute_disagreement_point documents its argument to be: with every learner tied\nto every other learner, every reference tied to every other reference, and every\nlearner beating every reference at .75, this wiring turns a surplus of +.25 into\n-.25. The surplus is what finite-pool feasibility tests, so"}
{"name": "import_solve_pros4_pw_nbpo_uw1", "status": "PASS"}
{"name": "import_solve_pros4_pw_fixedref_uw1", "status": "PASS"}
{"name": "import_solve_pros4_prosper_uw1", "status": "PASS"}
{"name": "import_solve_pros4_pw_nbpo_uw1c", "status": "PASS"}
{"name": "import_solve_pros4_pw_fixedref_uw1c", "status": "PASS"}
{"name": "import_solve_pros4_prosper_uw1c", "status": "PASS"}
{"name": "import_solve_pros4_pw_nbpo_uw3", "status": "PASS"}
{"name": "import_solve_pros4_pw_fixedref_uw3", "status": "PASS"}
{"name": "import_solve_pros4_prosper_uw3", "status": "PASS"}
{"name": "import_solve_pros4_pw_nbpo_us1", "status": "PASS"}
{"name": "import_solve_pros4_pw_fixedref_us1", "status": "PASS"}
{"name": "import_solve_pros4_prosper_us1", "status": "PASS"}
{"name": "import_solve_pros4_pw_nbpo_ut1", "status": "PASS"}
{"name": "import_solve_pros4_pw_fixedref_ut1", "status": "PASS"}
{"name": "import_solve_pros4_prosper_ut1", "status": "PASS"}
{"name": "serializer_base", "status": "PASS", "max_target_error": 0.0, "min_mass": 1e-12, "validator": {"prompts": 1, "rows": 28, "candidates_per_prompt": 8, "unordered_pairs_per_prompt": 28, "solver_artifact_sha256": ["fixture"]}, "scope": "actual imported serializer + JSON round-trip + actual canonical pair validator, no Arrow"}
{"name": "serializer_v2", "status": "PASS", "max_target_error": 0.0, "min_mass": 1e-12, "validator": {"prompts": 1, "rows": 28, "candidates_per_prompt": 8, "unordered_pairs_per_prompt": 28, "solver_artifact_sha256": ["fixture"]}, "scope": "actual imported serializer + JSON round-trip + actual canonical pair validator, no Arrow"}
{"name": "serializer_uw1", "status": "PASS", "max_target_error": 0.0, "min_mass": 1e-12, "validator": {"prompts": 1, "rows": 28, "candidates_per_prompt": 8, "unordered_pairs_per_prompt": 28, "solver_artifact_sha256": ["fixture"]}, "scope": "actual imported serializer + JSON round-trip + actual canonical pair validator, no Arrow"}
{"name": "serializer_uw1c", "status": "PASS", "max_target_error": 0.0, "min_mass": 1e-12, "validator": {"prompts": 1, "rows": 28, "candidates_per_prompt": 8, "unordered_pairs_per_prompt": 28, "solver_artifact_sha256": ["fixture"]}, "scope": "actual imported serializer + JSON round-trip + actual canonical pair validator, no Arrow"}
{"name": "serializer_uw3", "status": "PASS", "max_target_error": 0.0, "min_mass": 1e-12, "validator": {"prompts": 1, "rows": 28, "candidates_per_prompt": 8, "unordered_pairs_per_prompt": 28, "solver_artifact_sha256": ["fixture"]}, "scope": "actual imported serializer + JSON round-trip + actual canonical pair validator, no Arrow"}
{"name": "serializer_us1", "status": "PASS", "max_target_error": 0.0, "min_mass": 1e-12, "validator": {"prompts": 1, "rows": 28, "candidates_per_prompt": 8, "unordered_pairs_per_prompt": 28, "solver_artifact_sha256": ["fixture"]}, "scope": "actual imported serializer + JSON round-trip + actual canonical pair validator, no Arrow"}
{"name": "serializer_ut1", "status": "PASS", "max_target_error": 0.0, "min_mass": 1e-12, "validator": {"prompts": 1, "rows": 28, "candidates_per_prompt": 8, "unordered_pairs_per_prompt": 28, "solver_artifact_sha256": ["fixture"]}, "scope": "actual imported serializer + JSON round-trip + actual canonical pair validator, no Arrow"}
{"name": "writer_loader_K2_p0", "status": "PASS", "serialized_target_error": 0.0, "certificate": true}
{"name": "canonical_artifact_tamper_K2_p0", "status": "PASS", "rejected": true}
{"name": "writer_loader_K2_p1", "status": "PASS", "serialized_target_error": 0.0, "certificate": true}
{"name": "canonical_artifact_tamper_K2_p1", "status": "PASS", "rejected": true}
{"name": "scorer_to_canonical_validator_K2", "status": "PASS", "report": {"prompts": 2, "rows": 56, "candidates_per_prompt": 8, "unordered_pairs_per_prompt": 28, "solver_artifact_sha256": ["fixture-p0", "fixture-p1"]}, "flip_report": {"prompts": 2, "rows": 56, "candidates_per_prompt": 8, "unordered_pairs_per_prompt": 28, "solver_artifact_sha256": ["fixture-p0", "fixture-p1"]}, "local_independence_error": 0.0, "max_serialized_target_error": 4.440892098500626e-16, "all_local_certified": true, "scope": "actual scorer main, score loader, imported local _init/_solve_one, imported canonical builder/serializer, JSON I/O, imported validator; no fake Trainer, no model, no tokenizer metadata lookup or Arrow"}
{"name": "writer_loader_K4_p0", "status": "PASS", "serialized_target_error": 0.0, "certificate": true}
{"name": "canonical_artifact_tamper_K4_p0", "status": "PASS", "rejected": true}
{"name": "writer_loader_K4_p1", "status": "PASS", "serialized_target_error": 0.0, "certificate": true}
{"name": "canonical_artifact_tamper_K4_p1", "status": "PASS", "rejected": true}
{"name": "scorer_to_canonical_validator_K4", "status": "PASS", "report": {"prompts": 2, "rows": 56, "candidates_per_prompt": 8, "unordered_pairs_per_prompt": 28, "solver_artifact_sha256": ["fixture-p0", "fixture-p1"]}, "flip_report": {"prompts": 2, "rows": 56, "candidates_per_prompt": 8, "unordered_pairs_per_prompt": 28, "solver_artifact_sha256": ["fixture-p0", "fixture-p1"]}, "local_independence_error": 0.0, "max_serialized_target_error": 4.440892098500626e-16, "all_local_certified": true, "scope": "actual scorer main, score loader, imported local _init/_solve_one, imported canonical builder/serializer, JSON I/O, imported validator; no fake Trainer, no model, no tokenizer metadata lookup or Arrow"}
{"name": "split_pool_digest_scoping", "status": "PASS", "different_split_digests": true, "unrelated_split_unchanged": true, "consistent_content_update_changes_digest": true}
{"name": "pool_digest_cached_hash_consistency", "status": "PASS", "text_changes_with_stale_cached_hash_not_detected": false, "scope": "counterexample to byte-binding; not evidence existing row hashes are actually stale"}
{"name": "gate_nan", "status": "PASS", "accepted": false, "promotion_link": false, "parent_retained": true, "scope": "actual legacy gate including filesystem promotion for positive input; not local-gate orchestration"}
{"name": "gate_inf", "status": "PASS", "accepted": false, "promotion_link": false, "parent_retained": true, "scope": "actual legacy gate including filesystem promotion for positive input; not local-gate orchestration"}
{"name": "gate_-inf", "status": "PASS", "accepted": false, "promotion_link": false, "parent_retained": true, "scope": "actual legacy gate including filesystem promotion for positive input; not local-gate orchestration"}
{"name": "gate_0.0", "status": "PASS", "accepted": false, "promotion_link": false, "parent_retained": true, "scope": "actual legacy gate including filesystem promotion for positive input; not local-gate orchestration"}
{"name": "gate_-0.1", "status": "PASS", "accepted": false, "promotion_link": false, "parent_retained": true, "scope": "actual legacy gate including filesystem promotion for positive input; not local-gate orchestration"}
{"name": "gate_0.1", "status": "PASS", "accepted": true, "promotion_link": true, "parent_retained": false, "scope": "actual legacy gate including filesystem promotion for positive input; not local-gate orchestration"}
{"name": "legacy_global_evaluator_gate_not_local", "status": "OPEN", "locals": [0.2, -0.1], "evaluator_min_surplus": 0.05, "accepted": true, "scope": "actual evaluator and filesystem gate; Global Nash semantics, not evidence newer jobs invoked this gate"}
{"name": "style_identical_text", "status": "PASS", "difference": [0.0, 0.0, 0.0, 0.0], "length_counter": {"unit": "whitespace_words"}, "scope": "actual paired loader using supported word-count mode; AutoTokenizer path not run"}
{"name": "style_requires_both_orders", "status": "PASS", "rows": 0, "dropped": {"single_order_prompts": 1}}
{"name": "style_point_and_paired_cli", "status": "PASS", "point": 0.5, "pair_difference": 0.0, "paired_bootstrap": {"replicates": 10, "unit": "prompt", "refit_both_arms_per_replicate": true, "failed_replicates": 0, "seed": 20260918}, "scope": "actual two CLI main functions with identical-text synthetic fixture and --length-unit words"}
{"name": "style_iteration_exhaustion", "status": "PASS", "info": {"converged": false, "iterations": 1, "gradient_inf_norm": 0.4768116964879572, "last_step_inf_norm": 1.9999999800000003}}
{"name": "style_converged_fit", "status": "PASS", "beta": [-1.1102230135229265e-16], "info": {"converged": true, "iterations": 1, "gradient_inf_norm": 1.1102230246251565e-16, "last_step_inf_norm": 1.1102230135229265e-16}}
