Fetching 11 files:   0%|          | 0/11 [00:00<?, ?it/s]Fetching 11 files:   9%|▉         | 1/11 [00:00<00:08,  1.23it/s]Fetching 11 files:  18%|█▊        | 2/11 [00:01<00:04,  2.10it/s]Fetching 11 files:  27%|██▋       | 3/11 [00:01<00:04,  1.88it/s]{"timestamp":"2026-07-28T03:57:32.908486Z","level":"ERROR","fields":{"message":"cache error, error: IO(Error { kind: UnexpectedEof, message: \"failed to fill whole buffer\" })","caller":"/home/runner/work/xet-core/xet-core/cas_client/src/download_utils.rs:310"},"filename":"/home/runner/work/xet-core/xet-core/error_printer/src/lib.rs","line_number":28}
{"timestamp":"2026-07-28T03:57:32.908543Z","level":"ERROR","fields":{"message":"cache error, error: IO(Error { kind: UnexpectedEof, message: \"failed to fill whole buffer\" })","caller":"/home/runner/work/xet-core/xet-core/cas_client/src/download_utils.rs:310"},"filename":"/home/runner/work/xet-core/xet-core/error_printer/src/lib.rs","line_number":28}
{"timestamp":"2026-07-28T03:57:32.909577Z","level":"ERROR","fields":{"message":"cache error, error: IO(Error { kind: UnexpectedEof, message: \"failed to fill whole buffer\" })","caller":"/home/runner/work/xet-core/xet-core/cas_client/src/download_utils.rs:310"},"filename":"/home/runner/work/xet-core/xet-core/error_printer/src/lib.rs","line_number":28}
{"timestamp":"2026-07-28T03:57:32.909592Z","level":"ERROR","fields":{"message":"cache error, error: IO(Error { kind: UnexpectedEof, message: \"failed to fill whole buffer\" })","caller":"/home/runner/work/xet-core/xet-core/cas_client/src/download_utils.rs:310"},"filename":"/home/runner/work/xet-core/xet-core/error_printer/src/lib.rs","line_number":28}
{"timestamp":"2026-07-28T03:57:32.909756Z","level":"ERROR","fields":{"message":"cache error, error: IO(Error { kind: UnexpectedEof, message: \"failed to fill whole buffer\" })","caller":"/home/runner/work/xet-core/xet-core/cas_client/src/download_utils.rs:310"},"filename":"/home/runner/work/xet-core/xet-core/error_printer/src/lib.rs","line_number":28}
{"timestamp":"2026-07-28T03:57:32.911261Z","level":"ERROR","fields":{"message":"cache error, error: IO(Error { kind: UnexpectedEof, message: \"failed to fill whole buffer\" })","caller":"/home/runner/work/xet-core/xet-core/cas_client/src/download_utils.rs:310"},"filename":"/home/runner/work/xet-core/xet-core/error_printer/src/lib.rs","line_number":28}
{"timestamp":"2026-07-28T03:57:32.911280Z","level":"ERROR","fields":{"message":"cache error, error: IO(Error { kind: UnexpectedEof, message: \"failed to fill whole buffer\" })","caller":"/home/runner/work/xet-core/xet-core/cas_client/src/download_utils.rs:310"},"filename":"/home/runner/work/xet-core/xet-core/error_printer/src/lib.rs","line_number":28}
{"timestamp":"2026-07-28T03:57:32.911287Z","level":"ERROR","fields":{"message":"cache error, error: IO(Error { kind: UnexpectedEof, message: \"failed to fill whole buffer\" })","caller":"/home/runner/work/xet-core/xet-core/cas_client/src/download_utils.rs:310"},"filename":"/home/runner/work/xet-core/xet-core/error_printer/src/lib.rs","line_number":28}
Fetching 11 files:  27%|██▋       | 3/11 [11:23<30:23, 227.89s/it]
Traceback (most recent call last):
  File "<string>", line 1, in <module>
  File "/home/sjkim/anaconda3/lib/python3.12/site-packages/huggingface_hub/utils/_validators.py", line 114, in _inner_fn
    return fn(*args, **kwargs)
           ^^^^^^^^^^^^^^^^^^^
  File "/home/sjkim/anaconda3/lib/python3.12/site-packages/huggingface_hub/_snapshot_download.py", line 297, in snapshot_download
    thread_map(
  File "/home/sjkim/anaconda3/lib/python3.12/site-packages/tqdm/contrib/concurrent.py", line 69, in thread_map
    return _executor_map(ThreadPoolExecutor, fn, *iterables, **tqdm_kwargs)
           ^^^^^^^^^^^^^^^^^^^^^^^^^^^^^^^^^^^^^^^^^^^^^^^^^^^^^^^^^^^^^^^^
  File "/home/sjkim/anaconda3/lib/python3.12/site-packages/tqdm/contrib/concurrent.py", line 51, in _executor_map
    return list(tqdm_class(ex.map(fn, *iterables, chunksize=chunksize), **kwargs))
           ^^^^^^^^^^^^^^^^^^^^^^^^^^^^^^^^^^^^^^^^^^^^^^^^^^^^^^^^^^^^^^^^^^^^^^^
  File "/home/sjkim/anaconda3/lib/python3.12/site-packages/tqdm/std.py", line 1181, in __iter__
    for obj in iterable:
  File "/home/sjkim/anaconda3/lib/python3.12/concurrent/futures/_base.py", line 619, in result_iterator
    yield _result_or_cancel(fs.pop())
          ^^^^^^^^^^^^^^^^^^^^^^^^^^^
  File "/home/sjkim/anaconda3/lib/python3.12/concurrent/futures/_base.py", line 317, in _result_or_cancel
    return fut.result(timeout)
           ^^^^^^^^^^^^^^^^^^^
  File "/home/sjkim/anaconda3/lib/python3.12/concurrent/futures/_base.py", line 456, in result
    return self.__get_result()
           ^^^^^^^^^^^^^^^^^^^
  File "/home/sjkim/anaconda3/lib/python3.12/concurrent/futures/_base.py", line 401, in __get_result
    raise self._exception
  File "/home/sjkim/anaconda3/lib/python3.12/concurrent/futures/thread.py", line 58, in run
    result = self.fn(*self.args, **self.kwargs)
             ^^^^^^^^^^^^^^^^^^^^^^^^^^^^^^^^^^
  File "/home/sjkim/anaconda3/lib/python3.12/site-packages/huggingface_hub/_snapshot_download.py", line 271, in _inner_hf_hub_download
    return hf_hub_download(
           ^^^^^^^^^^^^^^^^
  File "/home/sjkim/anaconda3/lib/python3.12/site-packages/huggingface_hub/utils/_validators.py", line 114, in _inner_fn
    return fn(*args, **kwargs)
           ^^^^^^^^^^^^^^^^^^^
  File "/home/sjkim/anaconda3/lib/python3.12/site-packages/huggingface_hub/file_download.py", line 988, in hf_hub_download
    return _hf_hub_download_to_local_dir(
           ^^^^^^^^^^^^^^^^^^^^^^^^^^^^^^
  File "/home/sjkim/anaconda3/lib/python3.12/site-packages/huggingface_hub/file_download.py", line 1288, in _hf_hub_download_to_local_dir
    _download_to_tmp_and_move(
  File "/home/sjkim/anaconda3/lib/python3.12/site-packages/huggingface_hub/file_download.py", line 1708, in _download_to_tmp_and_move
    xet_get(
  File "/home/sjkim/anaconda3/lib/python3.12/site-packages/huggingface_hub/file_download.py", line 627, in xet_get
    download_files(
RuntimeError: Data processing error: CAS service error : Error : single flight error: Real call failed: CasObjectError(InternalIOError(Custom { kind: Other, error: reqwest::Error { kind: Decode, source: hyper::Error(Body, Custom { kind: UnexpectedEof, error: IncompleteBody }) } }))
