base config ...
n=4 ...
n=16 ...
n=32 ...
K=2 ...
K=5 ...
K=8 ...
cov=0.25 ...
cov=0.5 ...
cov=0.75 ...
tk=0.01 ...
tk=0.2 ...
tk=0.5 ...
noise=0.05 ...
noise=0.1 ...
noise=0.2 ...
value gaps ...
saved ronpo_aaai/figures/ronpo_random_families.pdf
saved ronpo_aaai/random_family_sensitivity.tex
{
 "games_per_config": 20,
 "T": 5000,
 "bound_ok_total": 320,
 "configs": 16,
 "base_median_final_ratio": 2.332365003211211e-11,
 "base_median_slope": -0.9787047008756016,
 "gap_uniform_ronpo_median": 0.030221004177422017,
 "gap_uniform_avg_median": 0.05945238065683897,
 "gap_decoy_ronpo_median": 0.042673963174049534,
 "gap_decoy_avg_median": 0.13524063141335196,
 "gap_diff_uniform_median": 0.03484244528321451,
 "gap_diff_uniform_ci95": [
  0.02741711418586773,
  0.03995615698531785
 ],
 "gap_diff_decoy_median": 0.090048317572455,
 "gap_diff_decoy_ci95": [
  0.06833181016819591,
  0.10413360417168945
 ]
}
DONE
