\BOOKMARK [1][-]{section*.1}{\376\377\000I\000n\000t\000r\000o\000d\000u\000c\000t\000i\000o\000n}{}% 1
\BOOKMARK [1][-]{section*.2}{\376\377\000B\000a\000c\000k\000g\000r\000o\000u\000n\000d}{}% 2
\BOOKMARK [1][-]{section*.10}{\376\377\000O\000b\000j\000e\000c\000t\000i\000v\000e\000-\000W\000i\000s\000e\000\040\000P\000r\000e\000f\000e\000r\000e\000n\000c\000e\000\040\000G\000a\000m\000e\000s}{}% 3
\BOOKMARK [1][-]{section*.18}{\376\377\000N\000a\000s\000h\000\040\000B\000a\000r\000g\000a\000i\000n\000i\000n\000g\000\040\000o\000v\000e\000r\000\040\000G\000a\000m\000e\000-\000V\000a\000l\000u\000e\000\040\000I\000m\000p\000r\000o\000v\000e\000m\000e\000n\000t\000s}{}% 4
\BOOKMARK [1][-]{section*.25}{\376\377\000N\000a\000s\000h\000\040\000B\000a\000r\000g\000a\000i\000n\000i\000n\000g\000\040\000P\000r\000e\000f\000e\000r\000e\000n\000c\000e\000\040\000O\000p\000t\000i\000m\000i\000z\000a\000t\000i\000o\000n}{}% 5
\BOOKMARK [2][-]{subsection*.26}{\376\377\000C\000o\000n\000s\000t\000r\000a\000i\000n\000e\000d\000\040\000p\000r\000o\000x\000i\000m\000a\000l\000\040\000u\000p\000d\000a\000t\000e\000\040\000a\000n\000d\000\040\000a\000d\000a\000p\000t\000i\000v\000e\000\040\000o\000b\000j\000e\000c\000t\000i\000v\000e\000\040\000w\000e\000i\000g\000h\000t\000s}{section*.25}% 6
\BOOKMARK [2][-]{subsection*.34}{\376\377\000D\000i\000r\000e\000c\000t\000\040\000f\000i\000n\000i\000t\000e\000-\000p\000o\000o\000l\000\040\000i\000n\000n\000e\000r\000\040\000s\000o\000l\000v\000e\000\040\000a\000n\000d\000\040\000n\000e\000u\000r\000a\000l\000\040\000p\000r\000o\000j\000e\000c\000t\000i\000o\000n}{section*.25}% 7
\BOOKMARK [1][-]{section*.58}{\376\377\000E\000x\000p\000e\000r\000i\000m\000e\000n\000t\000s}{}% 8
\BOOKMARK [2][-]{subsection*.59}{\376\377\000G\000e\000n\000e\000r\000a\000l\000-\000i\000n\000s\000t\000r\000u\000c\000t\000i\000o\000n\000\040\000a\000l\000i\000g\000n\000m\000e\000n\000t\000\040\000a\000t\000\040\0008\000B\000\040\000s\000c\000a\000l\000e}{section*.58}% 9
\BOOKMARK [2][-]{subsection*.66}{\376\377\000G\000e\000n\000e\000r\000a\000l\000\040\000c\000a\000p\000a\000b\000i\000l\000i\000t\000y\000\040\000a\000n\000d\000\040\000s\000a\000f\000e\000t\000y}{section*.58}% 10
\BOOKMARK [2][-]{subsection*.69}{\376\377\000C\000o\000m\000p\000l\000e\000t\000e\000d\000\040\000h\000e\000l\000p\000f\000u\000l\000n\000e\000s\000s\040\023\000s\000a\000f\000e\000t\000y\000\040\000c\000o\000m\000p\000a\000r\000i\000s\000o\000n}{section*.58}% 11
\BOOKMARK [1][-]{section*.72}{\376\377\000R\000e\000l\000a\000t\000e\000d\000\040\000W\000o\000r\000k}{}% 12
\BOOKMARK [1][-]{section*.76}{\376\377\000C\000o\000n\000c\000l\000u\000s\000i\000o\000n\000\040\000a\000n\000d\000\040\000L\000i\000m\000i\000t\000a\000t\000i\000o\000n\000s}{}% 13
\BOOKMARK [1][-]{section*.81}{\376\377\000P\000r\000o\000o\000f\000s}{}% 14
\BOOKMARK [2][-]{subsection*.82}{\376\377\000P\000r\000o\000o\000f\000\040\000o\000f\000\040\000P\000r\000o\000p\000o\000s\000i\000t\000i\000o\000n\000\040\0001}{section*.81}% 15
\BOOKMARK [2][-]{subsection*.83}{\376\377\000C\000o\000n\000n\000e\000c\000t\000i\000o\000n\000\040\000t\000o\000\040\000t\000h\000e\000\040\000F\000i\000x\000e\000d\000-\000R\000e\000f\000e\000r\000e\000n\000c\000e}{section*.81}% 16
\BOOKMARK [2][-]{subsection*.87}{\376\377\000P\000o\000l\000i\000c\000y\000-\000I\000n\000d\000u\000c\000e\000d\000\040\000N\000a\000s\000h\000\040\000B\000a\000r\000g\000a\000i\000n\000i\000n\000g\000\040\000a\000n\000d\000\040\000C\000l\000a\000s\000s\000i\000c\000a\000l\000\040\000C\000o\000n\000s\000e\000q\000u\000e\000n\000c\000e\000s}{section*.81}% 17
\BOOKMARK [2][-]{subsection*.91}{\376\377\000C\000o\000u\000n\000t\000e\000r\000e\000x\000a\000m\000p\000l\000e\000s\000\040\000f\000o\000r\000\040\000A\000l\000t\000e\000r\000n\000a\000t\000i\000v\000e\000\040\000A\000g\000g\000r\000e\000g\000a\000t\000i\000o\000n\000\040\000R\000u\000l\000e\000s}{section*.81}% 18
\BOOKMARK [2][-]{subsection*.95}{\376\377\000D\000u\000a\000l\000\040\000D\000e\000r\000i\000v\000a\000t\000i\000o\000n\000,\000\040\000D\000i\000r\000e\000c\000t\000\040\000S\000o\000l\000v\000e\000,\000\040\000a\000n\000d\000\040\000N\000e\000u\000r\000a\000l\000\040\000P\000r\000o\000j\000e\000c\000t\000i\000o\000n}{section*.81}% 19
\BOOKMARK [2][-]{subsection*.103}{\376\377\000L\000a\000s\000t\000-\000I\000t\000e\000r\000a\000t\000e\000\040\000C\000o\000n\000v\000e\000r\000g\000e\000n\000c\000e}{section*.81}% 20
\BOOKMARK [1][-]{section*.115}{\376\377\000C\000o\000n\000t\000r\000o\000l\000l\000e\000d\000\040\000B\000e\000n\000c\000h\000m\000a\000r\000k\000:\000\040\000C\000o\000n\000s\000t\000r\000u\000c\000t\000i\000o\000n\000\040\000a\000n\000d\000\040\000F\000u\000l\000l\000\040\000R\000e\000s\000u\000l\000t\000s}{}% 21
\BOOKMARK [1][-]{section*.126}{\376\377\000N\000a\000t\000u\000r\000a\000l\000\040\000S\000u\000p\000e\000r\000v\000i\000s\000i\000o\000n\000\040\000a\000n\000d\000\040\000P\000r\000e\000f\000e\000r\000e\000n\000c\000e\000\040\000M\000o\000d\000e\000l\000s}{}% 22
\BOOKMARK [2][-]{subsection*.135}{\376\377\000G\000e\000n\000e\000r\000a\000l\000-\000i\000n\000s\000t\000r\000u\000c\000t\000i\000o\000n\000\040\000d\000a\000t\000a\000\040\000a\000n\000d\000\040\000p\000r\000e\000f\000e\000r\000e\000n\000c\000e\000\040\000m\000o\000d\000e\000l\000s}{section*.126}% 23
\BOOKMARK [1][-]{section*.137}{\376\377\000T\000r\000a\000i\000n\000i\000n\000g\000\040\000P\000r\000o\000t\000o\000c\000o\000l\000\040\000a\000n\000d\000\040\000B\000a\000s\000e\000l\000i\000n\000e\000s}{}% 24
\BOOKMARK [1][-]{section*.142}{\376\377\000S\000o\000l\000v\000e\000r\000\040\000a\000n\000d\000\040\000N\000e\000u\000r\000a\000l\000-\000R\000e\000a\000l\000i\000z\000a\000t\000i\000o\000n\000\040\000D\000i\000a\000g\000n\000o\000s\000t\000i\000c\000s}{}% 25
\BOOKMARK [2][-]{subsection*.156}{\376\377\000A\000g\000g\000r\000e\000g\000a\000t\000i\000o\000n\000-\000t\000a\000r\000g\000e\000t\000\040\000s\000e\000n\000s\000i\000t\000i\000v\000i\000t\000y}{section*.142}% 26
\BOOKMARK [1][-]{section*.161}{\376\377\000E\000v\000a\000l\000u\000a\000t\000i\000o\000n\000\040\000P\000r\000o\000t\000o\000c\000o\000l}{}% 27
\BOOKMARK [2][-]{subsection*.172}{\376\377\000E\000m\000p\000i\000r\000i\000c\000a\000l\000\040\000P\000a\000r\000e\000t\000o\000\040\000e\000v\000a\000l\000u\000a\000t\000i\000o\000n}{section*.161}% 28
