\BOOKMARK [1][-]{section*.1}{\376\377\000I\000n\000t\000r\000o\000d\000u\000c\000t\000i\000o\000n}{}% 1
\BOOKMARK [1][-]{section*.2}{\376\377\000B\000a\000c\000k\000g\000r\000o\000u\000n\000d}{}% 2
\BOOKMARK [1][-]{section*.9}{\376\377\000O\000b\000j\000e\000c\000t\000i\000v\000e\000-\000W\000i\000s\000e\000\040\000P\000r\000e\000f\000e\000r\000e\000n\000c\000e\000\040\000G\000a\000m\000e\000s}{}% 3
\BOOKMARK [1][-]{section*.18}{\376\377\000N\000a\000s\000h\000\040\000B\000a\000r\000g\000a\000i\000n\000i\000n\000g\000\040\000o\000v\000e\000r\000\040\000G\000a\000m\000e\000-\000V\000a\000l\000u\000e\000\040\000I\000m\000p\000r\000o\000v\000e\000m\000e\000n\000t\000s}{}% 4
\BOOKMARK [1][-]{section*.29}{\376\377\000N\000a\000s\000h\000\040\000B\000a\000r\000g\000a\000i\000n\000i\000n\000g\000\040\000P\000r\000e\000f\000e\000r\000e\000n\000c\000e\000\040\000O\000p\000t\000i\000m\000i\000z\000a\000t\000i\000o\000n}{}% 5
\BOOKMARK [2][-]{subsection*.30}{\376\377\000C\000o\000n\000s\000t\000r\000a\000i\000n\000e\000d\000\040\000e\000n\000t\000r\000o\000p\000y\000-\000p\000r\000o\000x\000i\000m\000a\000l\000\040\000u\000p\000d\000a\000t\000e}{section*.29}% 6
\BOOKMARK [2][-]{subsection*.38}{\376\377\000S\000a\000m\000p\000l\000e\000d\000\040\000d\000u\000a\000l\000\040\000s\000o\000l\000v\000e\000\040\000a\000n\000d\000\040\000p\000a\000r\000t\000i\000t\000i\000o\000n\000-\000f\000r\000e\000e\000\040\000r\000e\000g\000r\000e\000s\000s\000i\000o\000n}{section*.29}% 7
\BOOKMARK [2][-]{subsection*.68}{\376\377\000L\000a\000s\000t\000-\000i\000t\000e\000r\000a\000t\000e\000\040\000c\000o\000n\000v\000e\000r\000g\000e\000n\000c\000e\000\040\000f\000r\000o\000m\000\040\000t\000h\000e\000\040\000r\000e\000f\000e\000r\000e\000n\000c\000e}{section*.29}% 8
\BOOKMARK [1][-]{section*.72}{\376\377\000E\000x\000p\000e\000r\000i\000m\000e\000n\000t\000s}{}% 9
\BOOKMARK [1][-]{section*.82}{\376\377\000R\000e\000l\000a\000t\000e\000d\000\040\000W\000o\000r\000k}{}% 10
\BOOKMARK [1][-]{section*.86}{\376\377\000C\000o\000n\000c\000l\000u\000s\000i\000o\000n\000\040\000a\000n\000d\000\040\000L\000i\000m\000i\000t\000a\000t\000i\000o\000n\000s}{}% 11
\BOOKMARK [1][-]{section*.91}{\376\377\000P\000r\000o\000o\000f\000s\000\040\000a\000n\000d\000\040\000A\000d\000d\000i\000t\000i\000o\000n\000a\000l\000\040\000T\000h\000e\000o\000r\000y}{}% 12
\BOOKMARK [2][-]{subsection*.92}{\376\377\000P\000r\000o\000o\000f\000\040\000o\000f\000\040\000P\000r\000o\000p\000o\000s\000i\000t\000i\000o\000n\000\040\0001}{section*.91}% 13
\BOOKMARK [2][-]{subsection*.93}{\376\377\000C\000o\000n\000n\000e\000c\000t\000i\000o\000n\000\040\000t\000o\000\040\000t\000h\000e\000\040\000F\000i\000x\000e\000d\000-\000R\000e\000f\000e\000r\000e\000n\000c\000e\000\040\000P\000r\000e\000c\000u\000r\000s\000o\000r}{section*.91}% 14
\BOOKMARK [2][-]{subsection*.104}{\376\377\000P\000r\000o\000o\000f\000\040\000o\000f\000\040\000T\000h\000e\000o\000r\000e\000m\000\040\0001}{section*.91}% 15
\BOOKMARK [2][-]{subsection*.105}{\376\377\000P\000r\000o\000o\000f\000\040\000o\000f\000\040\000T\000h\000e\000o\000r\000e\000m\000\040\0002\000\040\000a\000n\000d\000\040\000P\000a\000y\000o\000f\000f\000\040\000R\000e\000s\000c\000a\000l\000i\000n\000g}{section*.91}% 16
\BOOKMARK [2][-]{subsection*.107}{\376\377\000C\000o\000u\000n\000t\000e\000r\000e\000x\000a\000m\000p\000l\000e\000s\000\040\000f\000o\000r\000\040\000A\000l\000t\000e\000r\000n\000a\000t\000i\000v\000e\000\040\000A\000g\000g\000r\000e\000g\000a\000t\000i\000o\000n\000\040\000R\000u\000l\000e\000s}{section*.91}% 17
\BOOKMARK [2][-]{subsection*.112}{\376\377\000D\000u\000a\000l\000\040\000D\000e\000r\000i\000v\000a\000t\000i\000o\000n\000\040\000a\000n\000d\000\040\000R\000e\000g\000r\000e\000s\000s\000i\000o\000n\000\040\000F\000i\000x\000e\000d\000\040\000P\000o\000i\000n\000t}{section*.91}% 18
\BOOKMARK [2][-]{subsection*.116}{\376\377\000P\000r\000o\000o\000f\000\040\000o\000f\000\040\000T\000h\000e\000o\000r\000e\000m\000\040\0003}{section*.91}% 19
\BOOKMARK [1][-]{section*.128}{\376\377\000F\000i\000n\000i\000t\000e\000-\000S\000a\000m\000p\000l\000e\000\040\000C\000e\000r\000t\000i\000f\000i\000c\000a\000t\000i\000o\000n\000\040\000o\000f\000\040\000G\000a\000m\000e\000\040\000V\000a\000l\000u\000e\000s}{}% 20
\BOOKMARK [2][-]{subsection*.129}{\376\377\000N\000e\000s\000t\000e\000d\000\040\000e\000s\000t\000i\000m\000a\000t\000o\000r}{section*.128}% 21
\BOOKMARK [2][-]{subsection*.142}{\376\377\000P\000r\000o\000o\000f\000\040\000o\000f\000\040\000T\000h\000e\000o\000r\000e\000m\000\040\0005}{section*.128}% 22
\BOOKMARK [1][-]{section*.145}{\376\377\000F\000i\000n\000i\000t\000e\000-\000P\000o\000o\000l\000\040\000P\000o\000p\000u\000l\000a\000t\000i\000o\000n\000\040\000C\000e\000r\000t\000i\000f\000i\000c\000a\000t\000e}{}% 23
\BOOKMARK [1][-]{section*.151}{\376\377\000E\000x\000p\000e\000r\000i\000m\000e\000n\000t\000a\000l\000\040\000P\000r\000o\000t\000o\000c\000o\000l\000\040\000a\000n\000d\000\040\000D\000e\000t\000a\000i\000l\000e\000d\000\040\000R\000e\000s\000u\000l\000t\000s}{}% 24
\BOOKMARK [2][-]{subsection*.155}{\376\377\000F\000r\000o\000z\000e\000n\000\040\000r\000e\000p\000o\000r\000t\000i\000n\000g\000\040\000t\000a\000b\000l\000e\000s\000\040\000f\000o\000r\000\040\000t\000h\000e\000\040\000m\000a\000t\000c\000h\000e\000d\000\040\000n\000e\000u\000r\000a\000l\000\040\000s\000t\000u\000d\000y}{section*.151}% 25
\BOOKMARK [1][-]{section*.169}{\376\377\000U\000l\000t\000r\000a\000F\000e\000e\000d\000b\000a\000c\000k\000-\000S\000c\000a\000l\000e\000\040\000M\000a\000t\000c\000h\000e\000d\000\040\000P\000r\000o\000j\000e\000c\000t\000i\000o\000n\000\040\000S\000t\000u\000d\000y}{}% 26
\BOOKMARK [1][-]{section*.178}{\376\377\000T\000e\000m\000p\000e\000r\000a\000t\000u\000r\000e\000\040\000a\000n\000d\000\040\000S\000t\000e\000p\000\040\000S\000i\000z\000e\000\040\000o\000n\000\040\000S\000a\000f\000e\000R\000L\000H\000F}{}% 27
\BOOKMARK [1][-]{section*.181}{\376\377\000A\000\040\000S\000e\000c\000o\000n\000d\000\040\000J\000u\000d\000g\000e}{}% 28
\BOOKMARK [1][-]{section*.184}{\376\377\000B\000o\000o\000t\000s\000t\000r\000a\000p\000\040\000I\000n\000t\000e\000r\000v\000a\000l\000s\000\040\000o\000n\000\040\000t\000h\000e\000\040\000H\000e\000l\000d\000-\000O\000u\000t\000\040\000S\000u\000r\000p\000l\000u\000s\000e\000s}{}% 29
\BOOKMARK [1][-]{section*.187}{\376\377\000P\000r\000o\000m\000p\000t\000-\000O\000v\000e\000r\000l\000a\000p\000\040\000A\000u\000d\000i\000t\000\040\000o\000f\000\040\000t\000h\000e\000\040\000H\000e\000l\000d\000-\000O\000u\000t\000\040\000E\000v\000a\000l\000u\000a\000t\000i\000o\000n\000s}{}% 30
\BOOKMARK [1][-]{section*.190}{\376\377\000H\000o\000w\000\040\000F\000a\000r\000\040\000t\000h\000e\000\040\000S\000c\000a\000l\000e\000\040\000I\000n\000v\000a\000r\000i\000a\000n\000c\000e\000\040\000S\000u\000r\000v\000i\000v\000e\000s\000\040\000t\000h\000e\000\040\000P\000i\000p\000e\000l\000i\000n\000e}{}% 31
\BOOKMARK [1][-]{section*.193}{\376\377\000O\000b\000j\000e\000c\000t\000i\000v\000e\000-\000W\000i\000s\000e\000\040\000S\000u\000r\000p\000l\000u\000s\000e\000s}{}% 32
\BOOKMARK [1][-]{section*.196}{\376\377\000F\000i\000x\000e\000d\000-\000R\000e\000f\000e\000r\000e\000n\000c\000e\000\040\000P\000r\000e\000c\000u\000r\000s\000o\000r\000\040\000E\000x\000p\000e\000r\000i\000m\000e\000n\000t\000s}{}% 33
\BOOKMARK [1][-]{section*.211}{\376\377\000P\000r\000o\000x\000i\000m\000a\000l\000\040\000S\000t\000e\000p\000-\000S\000i\000z\000e\000\040\000S\000w\000e\000e\000p}{}% 34
\BOOKMARK [1][-]{section*.217}{\376\377\000J\000u\000d\000g\000e\000\040\000I\000n\000s\000t\000a\000n\000t\000i\000a\000t\000i\000o\000n\000\040\000a\000n\000d\000\040\000P\000r\000e\000f\000e\000r\000e\000n\000c\000e\000\040\000L\000a\000b\000e\000l\000i\000n\000g}{}% 35
