\BOOKMARK [1][-]{section*.1}{\376\377\000I\000n\000t\000r\000o\000d\000u\000c\000t\000i\000o\000n}{}% 1
\BOOKMARK [1][-]{section*.2}{\376\377\000B\000a\000c\000k\000g\000r\000o\000u\000n\000d}{}% 2
\BOOKMARK [1][-]{section*.10}{\376\377\000O\000b\000j\000e\000c\000t\000i\000v\000e\000-\000W\000i\000s\000e\000\040\000P\000r\000e\000f\000e\000r\000e\000n\000c\000e\000\040\000G\000a\000m\000e\000s}{}% 3
\BOOKMARK [1][-]{section*.18}{\376\377\000N\000a\000s\000h\000\040\000B\000a\000r\000g\000a\000i\000n\000i\000n\000g\000\040\000o\000v\000e\000r\000\040\000G\000a\000m\000e\000-\000V\000a\000l\000u\000e\000\040\000I\000m\000p\000r\000o\000v\000e\000m\000e\000n\000t\000s}{}% 4
\BOOKMARK [1][-]{section*.25}{\376\377\000N\000a\000s\000h\000\040\000B\000a\000r\000g\000a\000i\000n\000i\000n\000g\000\040\000P\000r\000e\000f\000e\000r\000e\000n\000c\000e\000\040\000O\000p\000t\000i\000m\000i\000z\000a\000t\000i\000o\000n}{}% 5
\BOOKMARK [2][-]{subsection*.26}{\376\377\000C\000o\000n\000s\000t\000r\000a\000i\000n\000e\000d\000\040\000p\000r\000o\000x\000i\000m\000a\000l\000\040\000u\000p\000d\000a\000t\000e\000\040\000a\000n\000d\000\040\000a\000d\000a\000p\000t\000i\000v\000e\000\040\000o\000b\000j\000e\000c\000t\000i\000v\000e\000\040\000w\000e\000i\000g\000h\000t\000s}{section*.25}% 6
\BOOKMARK [2][-]{subsection*.34}{\376\377\000S\000a\000m\000p\000l\000e\000d\000\040\000p\000o\000l\000i\000c\000y\000\040\000f\000i\000t\000t\000i\000n\000g\000\040\000a\000n\000d\000\040\000d\000u\000a\000l\000\040\000u\000p\000d\000a\000t\000e}{section*.25}% 7
\BOOKMARK [2][-]{subsection*.54}{\376\377\000L\000a\000s\000t\000-\000i\000t\000e\000r\000a\000t\000e\000\040\000c\000o\000n\000v\000e\000r\000g\000e\000n\000c\000e}{section*.25}% 8
\BOOKMARK [1][-]{section*.57}{\376\377\000E\000x\000p\000e\000r\000i\000m\000e\000n\000t\000s}{}% 9
\BOOKMARK [1][-]{section*.75}{\376\377\000R\000e\000l\000a\000t\000e\000d\000\040\000W\000o\000r\000k}{}% 10
\BOOKMARK [1][-]{section*.79}{\376\377\000C\000o\000n\000c\000l\000u\000s\000i\000o\000n\000\040\000a\000n\000d\000\040\000L\000i\000m\000i\000t\000a\000t\000i\000o\000n\000s}{}% 11
\BOOKMARK [1][-]{section*.84}{\376\377\000P\000r\000o\000o\000f\000s}{}% 12
\BOOKMARK [2][-]{subsection*.85}{\376\377\000P\000r\000o\000o\000f\000\040\000o\000f\000\040\000P\000r\000o\000p\000o\000s\000i\000t\000i\000o\000n\000\040\0001}{section*.84}% 13
\BOOKMARK [2][-]{subsection*.86}{\376\377\000C\000o\000n\000n\000e\000c\000t\000i\000o\000n\000\040\000t\000o\000\040\000t\000h\000e\000\040\000F\000i\000x\000e\000d\000-\000R\000e\000f\000e\000r\000e\000n\000c\000e}{section*.84}% 14
\BOOKMARK [2][-]{subsection*.89}{\376\377\000P\000o\000l\000i\000c\000y\000-\000I\000n\000d\000u\000c\000e\000d\000\040\000N\000a\000s\000h\000\040\000B\000a\000r\000g\000a\000i\000n\000i\000n\000g\000\040\000a\000n\000d\000\040\000C\000l\000a\000s\000s\000i\000c\000a\000l\000\040\000C\000o\000n\000s\000e\000q\000u\000e\000n\000c\000e\000s}{section*.84}% 15
\BOOKMARK [2][-]{subsection*.92}{\376\377\000C\000o\000u\000n\000t\000e\000r\000e\000x\000a\000m\000p\000l\000e\000s\000\040\000f\000o\000r\000\040\000A\000l\000t\000e\000r\000n\000a\000t\000i\000v\000e\000\040\000A\000g\000g\000r\000e\000g\000a\000t\000i\000o\000n\000\040\000R\000u\000l\000e\000s}{section*.84}% 16
\BOOKMARK [2][-]{subsection*.96}{\376\377\000D\000u\000a\000l\000\040\000D\000e\000r\000i\000v\000a\000t\000i\000o\000n\000\040\000a\000n\000d\000\040\000R\000e\000g\000r\000e\000s\000s\000i\000o\000n\000\040\000F\000i\000x\000e\000d\000\040\000P\000o\000i\000n\000t}{section*.84}% 17
\BOOKMARK [2][-]{subsection*.99}{\376\377\000P\000r\000o\000o\000f\000\040\000o\000f\000\040\000T\000h\000e\000o\000r\000e\000m\000\040\0001}{section*.84}% 18
\BOOKMARK [1][-]{section*.109}{\376\377\000O\000b\000j\000e\000c\000t\000i\000v\000e\000-\000W\000i\000s\000e\000\040\000E\000v\000a\000l\000u\000a\000t\000i\000o\000n\000\040\000a\000n\000d\000\040\000G\000a\000m\000e\000-\000S\000u\000r\000p\000l\000u\000s\000\040\000D\000i\000a\000g\000n\000o\000s\000t\000i\000c\000s}{}% 19
\BOOKMARK [1][-]{section*.114}{\376\377\000I\000m\000p\000l\000e\000m\000e\000n\000t\000a\000t\000i\000o\000n\000\040\000a\000n\000d\000\040\000H\000y\000p\000e\000r\000p\000a\000r\000a\000m\000e\000t\000e\000r\000s}{}% 20
\BOOKMARK [1][-]{section*.120}{\376\377\000A\000\040\000S\000e\000c\000o\000n\000d\000\040\000O\000u\000t\000e\000r\000\040\000S\000t\000a\000g\000e}{}% 21
\BOOKMARK [1][-]{section*.121}{\376\377\000E\000v\000a\000l\000u\000a\000t\000i\000o\000n\000-\000P\000r\000o\000m\000p\000t\000\040\000C\000o\000n\000t\000a\000m\000i\000n\000a\000t\000i\000o\000n\000\040\000A\000u\000d\000i\000t}{}% 22
\BOOKMARK [1][-]{section*.124}{\376\377\000R\000e\000w\000a\000r\000d\000-\000M\000o\000d\000e\000l\000\040\000B\000a\000s\000e\000l\000i\000n\000e\000\040\000P\000r\000o\000t\000o\000c\000o\000l}{}% 23
\BOOKMARK [1][-]{section*.127}{\376\377\000A\000d\000d\000i\000t\000i\000o\000n\000a\000l\000\040\000E\000x\000t\000e\000r\000n\000a\000l\000\040\000E\000v\000a\000l\000u\000a\000t\000i\000o\000n}{}% 24
\BOOKMARK [1][-]{section*.130}{\376\377\000O\000p\000t\000i\000m\000i\000z\000a\000t\000i\000o\000n\000\040\000D\000i\000a\000g\000n\000o\000s\000t\000i\000c\000s\000\040\000a\000n\000d\000\040\000R\000o\000b\000u\000s\000t\000n\000e\000s\000s}{}% 25
\BOOKMARK [1][-]{section*.135}{\376\377\000D\000i\000a\000g\000n\000o\000s\000i\000n\000g\000\040\000t\000h\000e\000\040\000A\000d\000a\000p\000t\000i\000v\000e\000-\000G\000a\000m\000e\000\040\000G\000a\000p}{}% 26
\BOOKMARK [1][-]{section*.152}{\376\377\000J\000u\000d\000g\000e\000\040\000I\000n\000s\000t\000a\000n\000t\000i\000a\000t\000i\000o\000n\000\040\000a\000n\000d\000\040\000P\000r\000e\000f\000e\000r\000e\000n\000c\000e\000\040\000L\000a\000b\000e\000l\000i\000n\000g}{}% 27
