\BOOKMARK [1][-]{section*.1}{\376\377\000I\000n\000t\000r\000o\000d\000u\000c\000t\000i\000o\000n}{}% 1
\BOOKMARK [1][-]{section*.2}{\376\377\000B\000a\000c\000k\000g\000r\000o\000u\000n\000d}{}% 2
\BOOKMARK [1][-]{section*.9}{\376\377\000O\000b\000j\000e\000c\000t\000i\000v\000e\000-\000W\000i\000s\000e\000\040\000P\000r\000e\000f\000e\000r\000e\000n\000c\000e\000\040\000G\000a\000m\000e\000s}{}% 3
\BOOKMARK [1][-]{section*.18}{\376\377\000N\000a\000s\000h\000\040\000B\000a\000r\000g\000a\000i\000n\000i\000n\000g\000\040\000o\000v\000e\000r\000\040\000G\000a\000m\000e\000-\000V\000a\000l\000u\000e\000\040\000I\000m\000p\000r\000o\000v\000e\000m\000e\000n\000t\000s}{}% 4
\BOOKMARK [1][-]{section*.28}{\376\377\000N\000a\000s\000h\000\040\000B\000a\000r\000g\000a\000i\000n\000i\000n\000g\000\040\000P\000r\000e\000f\000e\000r\000e\000n\000c\000e\000\040\000O\000p\000t\000i\000m\000i\000z\000a\000t\000i\000o\000n}{}% 5
\BOOKMARK [2][-]{subsection*.29}{\376\377\000C\000o\000n\000s\000t\000r\000a\000i\000n\000e\000d\000\040\000p\000r\000o\000x\000i\000m\000a\000l\000\040\000u\000p\000d\000a\000t\000e\000\040\000a\000n\000d\000\040\000i\000n\000v\000e\000r\000s\000e\000-\000s\000u\000r\000p\000l\000u\000s\000\040\000w\000e\000i\000g\000h\000t\000s}{section*.28}% 6
\BOOKMARK [2][-]{subsection*.38}{\376\377\000S\000a\000m\000p\000l\000e\000d\000\040\000d\000u\000a\000l\000\040\000o\000p\000t\000i\000m\000i\000z\000a\000t\000i\000o\000n\000\040\000a\000n\000d\000\040\000p\000a\000r\000t\000i\000t\000i\000o\000n\000-\000f\000r\000e\000e\000\040\000r\000e\000g\000r\000e\000s\000s\000i\000o\000n}{section*.28}% 7
\BOOKMARK [2][-]{subsection*.65}{\376\377\000L\000a\000s\000t\000-\000i\000t\000e\000r\000a\000t\000e\000\040\000c\000o\000n\000v\000e\000r\000g\000e\000n\000c\000e}{section*.28}% 8
\BOOKMARK [1][-]{section*.68}{\376\377\000E\000x\000p\000e\000r\000i\000m\000e\000n\000t\000s}{}% 9
\BOOKMARK [1][-]{section*.82}{\376\377\000R\000e\000l\000a\000t\000e\000d\000\040\000W\000o\000r\000k}{}% 10
\BOOKMARK [1][-]{section*.86}{\376\377\000C\000o\000n\000c\000l\000u\000s\000i\000o\000n\000\040\000a\000n\000d\000\040\000L\000i\000m\000i\000t\000a\000t\000i\000o\000n\000s}{}% 11
\BOOKMARK [1][-]{section*.91}{\376\377\000P\000r\000o\000o\000f\000s}{}% 12
\BOOKMARK [2][-]{subsection*.92}{\376\377\000P\000r\000o\000o\000f\000\040\000o\000f\000\040\000P\000r\000o\000p\000o\000s\000i\000t\000i\000o\000n\000\040\0001}{section*.91}% 13
\BOOKMARK [2][-]{subsection*.96}{\376\377\000C\000o\000n\000n\000e\000c\000t\000i\000o\000n\000\040\000t\000o\000\040\000t\000h\000e\000\040\000F\000i\000x\000e\000d\000-\000R\000e\000f\000e\000r\000e\000n\000c\000e}{section*.91}% 14
\BOOKMARK [2][-]{subsection*.99}{\376\377\000P\000r\000o\000o\000f\000\040\000o\000f\000\040\000T\000h\000e\000o\000r\000e\000m\000\040\0001}{section*.91}% 15
\BOOKMARK [2][-]{subsection*.106}{\376\377\000P\000r\000o\000o\000f\000\040\000o\000f\000\040\000T\000h\000e\000o\000r\000e\000m\000\040\0002}{section*.91}% 16
\BOOKMARK [2][-]{subsection*.107}{\376\377\000C\000o\000u\000n\000t\000e\000r\000e\000x\000a\000m\000p\000l\000e\000s\000\040\000f\000o\000r\000\040\000A\000l\000t\000e\000r\000n\000a\000t\000i\000v\000e\000\040\000A\000g\000g\000r\000e\000g\000a\000t\000i\000o\000n\000\040\000R\000u\000l\000e\000s}{section*.91}% 17
\BOOKMARK [2][-]{subsection*.111}{\376\377\000P\000r\000o\000o\000f\000\040\000o\000f\000\040\000P\000r\000o\000p\000o\000s\000i\000t\000i\000o\000n\000\040\0002}{section*.91}% 18
\BOOKMARK [2][-]{subsection*.116}{\376\377\000P\000r\000o\000o\000f\000\040\000o\000f\000\040\000T\000h\000e\000o\000r\000e\000m\000\040\0003}{section*.91}% 19
\BOOKMARK [1][-]{section*.126}{\376\377\000O\000b\000j\000e\000c\000t\000i\000v\000e\000-\000w\000i\000s\000e\000\040\000S\000u\000r\000p\000l\000u\000s\000e\000s}{}% 20
\BOOKMARK [1][-]{section*.129}{\376\377\000I\000m\000p\000l\000e\000m\000e\000n\000t\000a\000t\000i\000o\000n\000\040\000a\000n\000d\000\040\000H\000y\000p\000e\000r\000p\000a\000r\000a\000m\000e\000t\000e\000r\000s}{}% 21
\BOOKMARK [1][-]{section*.135}{\376\377\000A\000d\000d\000i\000t\000i\000o\000n\000a\000l\000\040\000E\000x\000t\000e\000r\000n\000a\000l\000\040\000E\000v\000a\000l\000u\000a\000t\000i\000o\000n}{}% 22
\BOOKMARK [1][-]{section*.138}{\376\377\000O\000p\000t\000i\000m\000i\000z\000a\000t\000i\000o\000n\000\040\000D\000i\000a\000g\000n\000o\000s\000t\000i\000c\000s\000\040\000a\000n\000d\000\040\000R\000o\000b\000u\000s\000t\000n\000e\000s\000s}{}% 23
\BOOKMARK [1][-]{section*.141}{\376\377\000D\000i\000a\000g\000n\000o\000s\000i\000n\000g\000\040\000t\000h\000e\000\040\000A\000d\000a\000p\000t\000i\000v\000e\000-\000G\000a\000m\000e\000\040\000G\000a\000p}{}% 24
\BOOKMARK [1][-]{section*.148}{\376\377\000J\000u\000d\000g\000e\000\040\000I\000n\000s\000t\000a\000n\000t\000i\000a\000t\000i\000o\000n\000\040\000a\000n\000d\000\040\000P\000r\000e\000f\000e\000r\000e\000n\000c\000e\000\040\000L\000a\000b\000e\000l\000i\000n\000g}{}% 25
